// Jest Snapshot v1, https://goo.gl/fbAQLP

exports[`Pruebas en el compoente <AddCategory  /> Debe mostrar el conponente <AddCategory /> correctamente 1`] = `
<form
  onSubmit={[Function]}
>
  <input
    onChange={[Function]}
    type="text"
    value=""
  />
</form>
`;
